capability-record-replay — evidence bundle
=========================================

No model API is contacted by this script and no credential is read. It starts
`fixtures/corebank-web` on an ephemeral loopback port and drives it with a local Chromium.

chromium   /Volumes/T7 Touch/dev-caches/playwright/chromium-1234/chrome-mac-arm64/Google Chrome for Testing.app/Contents/MacOS/Google Chrome for Testing
bundle     /Users/devlegacy/Desktop/projects/ai-gap-coverage-projects/capability-record-replay/evidence

── artifact ─ the capability documents under replay
   artifact  corebank-member-share-position-web@1  approved
   digest    sha256:ba09bc6061370dbf99ecb3c541ab41d22b7808a668591a9730356d952cc726f3
   contract  corebank.member.read_share_position@1.0.0
   steps     9, max effect READ
   approval  ops-approver-4 / ops-approval-key-1 (ed25519 over the digest)

── replay-01-green ─ the nine-step share-position flow, no fault armed
   taxonomy  green
   fault     none armed
   args      ["memberId"] (values withheld from this log)
   broker    can-reauthenticate
   arm       OK   outputs: memberName, shareBalance, accountStatus, shareAccounts
   run       9/9 steps, 1804ms, 9 step attempts
   budgets   actions 5, observations 29, remediations 0, program attempts 0
   evidence  1 frozen observation(s), journal journal:9ea505c461182d9dbd114b6229ddec7bf27d05fb91bdc01a1db5931580777069
   checked   every declared expectation held

── replay-02-outcome-member-not-found ─ the core holds no such member
   taxonomy  expected business outcome
   fault     not-found at results (sticky)
   args      ["memberId"] (values withheld from this log)
   broker    can-reauthenticate
   armed     {"ok":true,"session":"s000001","armed":{"id":"not-found","screen":"results","mode":"sticky","delayMs":1200}}
   arm       OUTCOME   MEMBER_NOT_FOUND (terminal=true, callerAction=retry-different-input)
   run       2/9 steps, 481ms, 3 step attempts
   budgets   actions 3, observations 9, remediations 0, program attempts 0
   evidence  2 frozen observation(s), journal journal:f1ef506c9b9694f93f0a0e9e4fa8f4a8de7c077c66b4e9e3708c5a0675d04cad
   checked   every declared expectation held

── replay-03-recovered-interstitial ─ a declared maintenance modal, dismissed inside its budget
   taxonomy  recoverable condition
   fault     interstitial at results (once)
   args      ["memberId"] (values withheld from this log)
   broker    can-reauthenticate
   armed     {"ok":true,"session":"s000001","armed":{"id":"interstitial","screen":"results","mode":"once","delayMs":1200}}
   arm       OK   outputs: memberName, shareBalance, accountStatus, shareAccounts
   run       11/9 steps, 2229ms, 12 step attempts
   budgets   actions 9, observations 38, remediations 1, program attempts 0
   recovery  DISMISS_SYSTEM_NOTICE at submit-search: cleared after 1
   evidence  1 frozen observation(s), journal journal:747ba91946df79af39f1b0e7008a21dfcbfb6fbd06a7c4cf347cf0c58ef91e82
   checked   every declared expectation held

── replay-04-failed-app-error ─ an application error page that will not clear
   taxonomy  hard failure
   fault     app-error at detail (sticky)
   args      ["memberId"] (values withheld from this log)
   broker    can-reauthenticate
   armed     {"ok":true,"session":"s000001","armed":{"id":"app-error","screen":"detail","mode":"sticky","delayMs":1200}}
   arm       FAILED   app-error at open-member-record
   run       4/9 steps, 1604ms, 10 step attempts
   budgets   actions 9, observations 30, remediations 1, program attempts 1
   recovery  APP_ERROR_PAGE at open-member-record: cleared after 1
   evidence  2 frozen observation(s), journal journal:9a6f1b8257f5c31698670860dbe7d5b33aa91f14a8938443e7cdbaca57eb1fca
   checked   every declared expectation held

── replay-05-failed-session-expired ─ the session expires mid-flow and cannot be re-established
   taxonomy  hard failure
   fault     session-timeout at detail (sticky)
   args      ["memberId"] (values withheld from this log)
   broker    cannot-reauthenticate
   armed     {"ok":true,"session":"s000001","armed":{"id":"session-timeout","screen":"detail","mode":"sticky","delayMs":1200}}
   arm       FAILED   session-expired-unrecoverable at open-member-record
   run       4/9 steps, 819ms, 5 step attempts
   budgets   actions 4, observations 15, remediations 1, program attempts 0
   recovery  SESSION_EXPIRED at open-member-record: exhausted after 1
   evidence  2 frozen observation(s), journal journal:4ddb4d90cdfa748abb7a9c2980d43fac0175b83ab04e708ea05efeaff09abd33
   checked   every declared expectation held

── masked-capture ─ region masking of a field bound to a sensitive parameter
   typed into  role=textbox name="" (sensitive: true)
   driver      blanked 1 node value(s) in every later observation
   echoed      2 node(s) print a supplied value back and are masked too
   regions     3 blanked, 43814 bytes written as capture-272f9fdb46d18596b1000145561d93b108b5eba4148705391e33fef4da17a507.png
   digest      sha256:272f9fdb46d18596b1000145561d93b108b5eba4148705391e33fef4da17a507 (differs from the unmasked capture: true)

── cli-replay ─ the same replay, through the shipped `crr` command
   $ node packages/runtime/dist/cli.js replay evidence/artifact/contract.json evidence/artifact/artifact.json --surface packages/runtime/demo/surface-entry.mjs --args '{"memberId":"<A FIVE-DIGIT MEMBER NUMBER>"}' --allowlist evidence/artifact/allowlist.json --trusted-key ops-approval-key-1:evidence/artifact/approver.spki.pem --tenant riverbend --app riverbend-corebank-fixture --journal evidence/cli-replay/journal.jsonl --evidence evidence/cli-replay/observations
   | OK  run run-15ed9d37-3ac4-4d90-bdd3-9560762c1302  9/9 steps  1767ms
   | {
   |   "memberName": "ALVAREZ, DANA (SYNTHETIC)",
   |   "shareBalance": {
   |     "amount": "1204.55",
   |     "currency": "USD"
   |   },
   |   "accountStatus": "ACTIVE",
   |   "shareAccounts": [
   |     {
   |       "Acct": "0001",
   |       "Share Account": "Share Account - Regular",
   |       "Share Balance": "1,204.55",
   |       "Opened": "2019-03-11"
   |     }
   |   ]
   | }
   exit      0

── discovery-live ─ a live run is present; PENDING.md not written

── summary
   PASS  replay-01-green                    ok        green
   PASS  replay-02-outcome-member-not-found outcome   expected business outcome
   PASS  replay-03-recovered-interstitial   ok        recoverable condition
   PASS  replay-04-failed-app-error         failed    hard failure
   PASS  replay-05-failed-session-expired   failed    hard failure
   PASS  masked-capture                     3 region(s) blanked
   PASS  cli-replay                         exit 0

REDACTION CANARY  CLEAN
  bundle        /Users/devlegacy/Desktop/projects/ai-gap-coverage-projects/capability-record-replay/evidence
  scanned       63 files, 1205897 bytes
  searched for  3 value(s) x 14 encodings = 26 distinct needles
  self-test     PASSED - 26/26 planted needles were found
  not searched  scenarios 01/03/04/05 + cli-replay / args.memberId / base64 - no needle of at least 6 characters
  not searched  scenarios 01/03/04/05 + cli-replay / args.memberId / base64url - no needle of at least 6 characters
  not searched  scenario 02 / args.memberId (absent member) / base64 - no needle of at least 6 characters
  not searched  scenario 02 / args.memberId (absent member) / base64url - no needle of at least 6 characters
  hits          0
  suppressed    0 (inside a digest-shaped hex run)
  credentials   0

   67 files in the bundle, produced in 10s
   discovery-live/  a LIVE model run is present - see its own README.md and provenance.json
   A SECOND, WHOLE-BUNDLE canary pass runs after this file is written - covering this log,
   evidence/README.md and the canary's own report - and ITS verdict is the exit code.
